base referer
rect $class_c_array.html 45,56 109,83
rect $class_background_model.html 217,107 345,133
rect $class_body_path.html 241,56 321,83
rect $class_smart_ptr_array.html 199,5 364,32
rect $class_background_dialog.html 420,107 551,133
rect $class_c_b_g_dialog.html 441,56 529,83
rect $class_model.html 48,461 107,488
rect $class_blob_model.html 239,411 324,437
rect $class_body_activity_model.html 216,461 347,488
rect $class_body_model.html 237,512 325,539
rect $class_camera_model.html 229,588 333,615
rect $class_door_model.html 239,664 324,691
rect $class_floor_model.html 237,721 325,748
rect $class_message_model.html 225,797 337,824
rect $class_obstacle_model.html 227,164 336,191
rect $class_skin_model.html 240,227 323,253
rect $class_swarm_activity_model.html 211,303 352,329
rect $class_tracker_model.html 229,860 333,887
rect $class_zone_model.html 237,357 325,384
rect $class_blob_dialog.html 443,411 528,437
rect $class_c_blob_dialog.html 437,360 533,387
rect $class_body_activity_dialog.html 420,461 551,488
rect $class_body_dialog.html 440,563 531,589
rect $class_c_body_dialog.html 436,512 535,539
rect $class_camera_dialog.html 432,613 539,640
rect $class_c_door_dialog.html 436,715 535,741
rect $class_door_dialog.html 441,664 529,691
rect $class_floor_dialog.html 440,765 531,792
rect $class_message_dialog.html 429,816 541,843
rect $class_obstacle_dialog.html 429,157 541,184
rect $class_skin_dialog.html 443,208 528,235
rect $class_swarm_activity_dialog.html 413,259 557,285
rect $class_tracker_dialog.html 432,867 539,893
rect $class_zone_dialog.html 440,309 531,336
rect $class_sequence_processor.html 7,860 148,887
